%!Adobe-FontList 1.16
%Locale:0x409

%BeginFont
Handler:DirectoryHandler
FontType:TrueType
FontName:Arial-BoldMT
FamilyName:Arial
StyleName:Bold
MenuName:Arial
StyleBits:2
WeightClass:700
WidthClass:5
AngleClass:0
FullName:Arial Bold
WritingScript:Roman
OutlineFileName:\Arial Bold.ttf
DataFormat:sfntData
FileLength:751104
FileModTime:1299747600
NameArray:0,Mac,4,Arial Bold
NameArray:0,Win,1,Arial
%EndFont

%BeginFont
Handler:DirectoryHandler
FontType:TrueType
FontName:ArialNarrow-Italic
FamilyName:Arial Narrow
StyleName:Italic
MenuName:Arial Narrow
StyleBits:1
WeightClass:400
WidthClass:3
AngleClass:1
FullName:Arial Narrow Italic
WritingScript:Roman
OutlineFileName:\Arial Narrow Italic.ttf
DataFormat:sfntData
FileLength:184944
FileModTime:1386367024
NameArray:0,Mac,4,Arial Narrow Italic
NameArray:0,Win,1,Arial Narrow
%EndFont

%BeginFont
Handler:DirectoryHandler
FontType:Type1
FontName:ConduitITCPro-Light
FamilyName:Conduit ITC Pro
StyleName:Light
MenuName:Conduit ITC Pro Light
StyleBits:0
WeightClass:300
WidthClass:5
AngleClass:0
FullName:Conduit ITC Pro Light
WritingScript:Roman
OutlineFileName:\ConduitITCPro-Light.otf
DataFormat:sfntData
UsesStandardEncoding:yes
isCFF:yes
FileLength:127136
FileModTime:1235342594
NameArray:0,Mac,4,Conduit ITC Pro Light
NameArray:0,Win,1,Conduit ITC Pro Light
NameArray:0,Win,16,Conduit ITC Pro
%EndFont

%BeginFont
Handler:DirectoryHandler
FontType:Type1
FontName:ConduitITCStd-Bold
FamilyName:ConduitITCStd
StyleName:Bold
MenuName:ConduitITCStd Light
StyleBits:2
WeightClass:700
WidthClass:5
AngleClass:0
FullName:ConduitITCStd Bold
WritingScript:Roman
OutlineFileName:\ConduitITCStd-Bold.otf
DataFormat:sfntData
UsesStandardEncoding:yes
isCFF:yes
FileLength:50608
FileModTime:1123835146
NameArray:0,Mac,4,ConduitITCStd Bold
NameArray:0,Win,1,ConduitITCStd Light
NameArray:0,Win,16,ConduitITCStd
%EndFont

%BeginFont
Handler:DirectoryHandler
FontType:Type1
FontName:ConduitITCStd-LightItalic
FamilyName:ConduitITCStd
StyleName:LightItalic
MenuName:ConduitITCStd Light
StyleBits:1
WeightClass:300
WidthClass:5
AngleClass:0
FullName:ConduitITCStd LightItalic
WritingScript:Roman
OutlineFileName:\ConduitITCStd-LightItalic.otf
DataFormat:sfntData
UsesStandardEncoding:yes
isCFF:yes
FileLength:49200
FileModTime:1123835138
NameArray:0,Mac,4,ConduitITCStd LightItalic
NameArray:0,Win,1,ConduitITCStd Light
NameArray:0,Win,16,ConduitITCStd
%EndFont

%BeginFont
Handler:DirectoryHandler
FontType:Type1
FontName:ConduitITCStd-Regular
FamilyName:ConduitITCStd
StyleName:Regular
MenuName:ConduitITCStd
StyleBits:0
WeightClass:400
WidthClass:5
AngleClass:0
FullName:ConduitITCStd
WritingScript:Roman
OutlineFileName:\ConduitITCStd.otf
DataFormat:sfntData
UsesStandardEncoding:yes
isCFF:yes
FileLength:46224
FileModTime:1123839008
NameArray:0,Mac,4,ConduitITCStd
NameArray:0,Win,1,ConduitITCStd
%EndFont

%BeginFont
Handler:DirectoryHandler
FontType:TrueType
FontName:ChartwellBars
FamilyName:Chartwell Bars
StyleName:Regular
MenuName:ChartwellBars
StyleBits:0
WeightClass:400
WidthClass:5
AngleClass:0
FullName:ChartwellBars
WritingScript:Roman
OutlineFileName:\FontFont - ChartwellBars.ttf
DataFormat:sfntData
FileLength:155360
FileModTime:1436521336
NameArray:0,Mac,4,ChartwellBars
NameArray:0,Win,1,ChartwellBars
NameArray:0,Win,16,Chartwell Bars
%EndFont

%BeginFont
Handler:DirectoryHandler
FontType:TrueType
FontName:Helvetica
FamilyName:Helvetica
StyleName:Regular
MenuName:Helvetica
StyleBits:0
WeightClass:400
WidthClass:5
AngleClass:0
FullName:Helvetica
WritingScript:Roman
OutlineFileName:\Helvetica.dfont
DataFormat:sfntResource
ResourceID:25595
FileLength:2551248
FileModTime:1410310384
NameArray:0,Mac,18,Helvetica
NameArray:0,Mac,4,Helvetica
%EndFont

%BeginFont
Handler:DirectoryHandler
FontType:TrueType
FontName:Helvetica-Bold
FamilyName:Helvetica
StyleName:Bold
MenuName:Helvetica
StyleBits:2
WeightClass:700
WidthClass:5
AngleClass:0
FullName:Helvetica Bold
WritingScript:Roman
OutlineFileName:\Helvetica.dfont
DataFormat:sfntResource
ResourceID:28517
FileLength:2551248
FileModTime:1410310384
NameArray:0,Mac,4,Helvetica Bold
NameArray:0,Mac,4,Helvetica lihava
NameArray:0,Mac,4,Helvetica Gras
NameArray:0,Mac,4,Helvetica Fett
NameArray:0,Mac,4,Helvetica grassetto
NameArray:0,Mac,4,Helvetica vet
NameArray:0,Mac,4,Helvetica Fet
NameArray:0,Mac,4,Helvetica Negrita
NameArray:0,Mac,4,Helvetica Carregado
NameArray:0,Mac,4,Helvetica Halvfet
NameArray:0,Mac,18,Helvetica Bold
NameArray:4,Mac,4,Helvetica‭ ‬أسود
NameArray:4,Mac,4,Helvetica‭ ‬برجسته
NameArray:5,Mac,4,Helvetica‭ ‬עבה
%EndFont

%BeginFont
Handler:DirectoryHandler
FontType:TrueType
FontName:Helvetica-Oblique
FamilyName:Helvetica
StyleName:Oblique
MenuName:Helvetica
StyleBits:1
WeightClass:400
WidthClass:5
AngleClass:1
FullName:Helvetica Oblique
WritingScript:Roman
OutlineFileName:\Helvetica.dfont
DataFormat:sfntResource
ResourceID:22365
FileLength:2551248
FileModTime:1410310384
NameArray:0,Mac,18,Helvetica Oblique
NameArray:0,Mac,4,Helvetica Oblique
%EndFont

%BeginFont
Handler:DirectoryHandler
FontType:TrueType
FontName:Helvetica-BoldOblique
FamilyName:Helvetica
StyleName:Bold Oblique
MenuName:Helvetica
StyleBits:3
WeightClass:700
WidthClass:5
AngleClass:1
FullName:Helvetica Bold Oblique
WritingScript:Roman
OutlineFileName:\Helvetica.dfont
DataFormat:sfntResource
ResourceID:6413
FileLength:2551248
FileModTime:1410310384
NameArray:0,Mac,18,Helvetica Bold Oblique
NameArray:0,Mac,4,Helvetica Bold Oblique
%EndFont

%BeginFont
Handler:DirectoryHandler
FontType:TrueType
FontName:Helvetica-Light
FamilyName:Helvetica
StyleName:Light
MenuName:Helvetica
StyleBits:0
WeightClass:300
WidthClass:5
AngleClass:0
FullName:Helvetica Light
WritingScript:Roman
OutlineFileName:\Helvetica.dfont
DataFormat:sfntResource
ResourceID:22375
FileLength:2551248
FileModTime:1410310384
NameArray:0,Mac,18,Helvetica Light
NameArray:0,Mac,4,Helvetica Light
%EndFont

%BeginFont
Handler:DirectoryHandler
FontType:TrueType
FontName:Helvetica-LightOblique
FamilyName:Helvetica
StyleName:Light Oblique
MenuName:Helvetica
StyleBits:1
WeightClass:300
WidthClass:5
AngleClass:1
FullName:Helvetica Light Oblique
WritingScript:Roman
OutlineFileName:\Helvetica.dfont
DataFormat:sfntResource
ResourceID:6513
FileLength:2551248
FileModTime:1410310384
NameArray:0,Mac,18,Helvetica Light Oblique
NameArray:0,Mac,4,Helvetica Light Oblique
%EndFont

%BeginFont
Handler:DirectoryHandler
FontType:Suitcase
FontName:Helvetica
OutlineFileName:\Helvetica.dfont
ResourceID:21
MacStyle:0
FileLength:2551248
FileModTime:1410310384
%EndFont

%BeginFont
Handler:DirectoryHandler
FontType:Suitcase
FontName:Helvetica-Bold
OutlineFileName:\Helvetica.dfont
ResourceID:21
MacStyle:1
FileLength:2551248
FileModTime:1410310384
%EndFont

%BeginFont
Handler:DirectoryHandler
FontType:Suitcase
FontName:Helvetica-Oblique
OutlineFileName:\Helvetica.dfont
ResourceID:21
MacStyle:2
FileLength:2551248
FileModTime:1410310384
%EndFont

%BeginFont
Handler:DirectoryHandler
FontType:Suitcase
FontName:Helvetica-BoldOblique
OutlineFileName:\Helvetica.dfont
ResourceID:21
MacStyle:3
FileLength:2551248
FileModTime:1410310384
%EndFont

%BeginFont
Handler:DirectoryHandler
FontType:Suitcase
FontName:Helvetica-Light
OutlineFileName:\Helvetica.dfont
ResourceID:211
MacStyle:0
FileLength:2551248
FileModTime:1410310384
%EndFont

%BeginFont
Handler:DirectoryHandler
FontType:Suitcase
FontName:Helvetica-LightOblique
OutlineFileName:\Helvetica.dfont
ResourceID:211
MacStyle:2
FileLength:2551248
FileModTime:1410310384
%EndFont

%BeginFont
Handler:DirectoryHandler
FontType:Type1
FontName:MinionPro-Regular
FamilyName:Minion Pro
StyleName:Regular
MenuName:Minion Pro
StyleBits:0
WeightClass:400
WidthClass:5
AngleClass:0
FullName:Minion Pro
WritingScript:Roman
OutlineFileName:\MinionPro-Regular.otf
DataFormat:sfntData
UsesStandardEncoding:yes
isCFF:yes
FileLength:217280
FileModTime:1369337824
DesignSize:110
NameArray:0,Mac,4,Minion Pro
NameArray:0,Win,1,Minion Pro
%EndFont

